157.55.39.81 - - [14/Jul/2014:22:23:29 -0400] "GET /index.php?home=deals&act=index&groupsite=Reitmans&cateid_1=98&cateid_2=100&price=$0-$10 HTTP/1.1" 200 57460 "-" "Mozilla/5.0 (compatible; bingbot/2.0; +http://www.bing.com/bingbot.htm)"
157.55.39.81 - - [14/Jul/2014:22:23:30 -0400] "GET /index.php?home=index&act=index&cateid_2=99&groupsite=Indigo&price=$20-$50 HTTP/1.1" 200 57795 "-" "Mozilla/5.0 (compatible; bingbot/2.0; +http://www.bing.com/bingbot.htm)"
207.46.13.109 - - [14/Jul/2014:22:23:37 -0400] "GET /index.php?home=index&act=index&cateid_2=145&groupsite=Club+Monaco&price=$10-$20 HTTP/1.1" 200 59126 "-" "Mozilla/5.0 (compatible; bingbot/2.0; +http://www.bing.com/bingbot.htm)"
207.46.13.109 - - [14/Jul/2014:22:23:38 -0400] "GET /index.php?home=index&act=index&cateid_2=222&groupsite=Bestbuy&price=$100-$200 HTTP/1.1" 200 58712 "-" "Mozilla/5.0 (compatible; bingbot/2.0; +http://www.bing.com/bingbot.htm)"
207.46.13.109 - - [14/Jul/2014:22:23:39 -0400] "GET /index.php?home=index&act=index&cateid_2=145&groupsite=BuyTopia&price=$100-$200 HTTP/1.1" 200 58921 "-" "Mozilla/5.0 (compatible; bingbot/2.0; +http://www.bing.com/bingbot.htm)"
175.42.85.236 - - [14/Jul/2014:22:23:42 -0400] "GET /index.php?home=index&act=jump&id=2_325400 HTTP/1.1" 302 1 "-" "Mozilla/4.0 (compatible; MSIE 6.0; Windows NT 5.1; SV1;)"
175.42.85.236 - - [14/Jul/2014:22:23:43 -0400] "GET /index.php?home=index&act=jump&id=2_325400/index.php HTTP/1.1" 302 1 "-" "Mozilla/4.0 (compatible; MSIE 6.0; Windows NT 5.1; SV1;)"
207.46.13.94 - - [14/Jul/2014:22:23:49 -0400] "GET /index.php?home=index&act=index&cateid_2=133&groupsite=Sportchek&price=$0-$10 HTTP/1.1" 200 58350 "-" "Mozilla/5.0 (compatible; bingbot/2.0; +http://www.bing.com/bingbot.htm)"
207.46.13.94 - - [14/Jul/2014:22:23:50 -0400] "GET /index.php?home=index&act=index&cateid_3=118&groupsite=Jacob&price=$0-$10 HTTP/1.1" 200 57883 "-" "Mozilla/5.0 (compatible; bingbot/2.0; +http://www.bing.com/bingbot.htm)"
207.46.13.94 - - [14/Jul/2014:22:23:51 -0400] "GET /index.php?home=index&act=index&cateid_2=222&groupsite=Dealfind&price=$20-$50 HTTP/1.1" 200 58405 "-" "Mozilla/5.0 (compatible; bingbot/2.0; +http://www.bing.com/bingbot.htm)"